// Jest Snapshot v1, https://goo.gl/fbAQLP

exports[`App Component should show welcome message 1`] = `ShallowWrapper {}`;
